2025-09-01T22:10:26.453-05:00  INFO 52840 --- [main] u.c.p.u.UtpSicogestcPeruApplicationTests : Starting UtpSicogestcPeruApplicationTests using Java 23.0.1 with PID 52840 (started by Brian in C:\Proyectos\utp-sicogestc-peru)
2025-09-01T22:10:26.454-05:00  INFO 52840 --- [main] u.c.p.u.UtpSicogestcPeruApplicationTests : No active profile set, falling back to 1 default profile: "default"
2025-09-01T22:10:27.247-05:00  INFO 52840 --- [main] .s.d.r.c.RepositoryConfigurationDelegate : Bootstrapping Spring Data JPA repositories in DEFAULT mode.
2025-09-01T22:10:27.281-05:00  INFO 52840 --- [main] .s.d.r.c.RepositoryConfigurationDelegate : Finished Spring Data repository scanning in 18 ms. Found 0 JPA repository interfaces.
2025-09-01T22:10:27.869-05:00  INFO 52840 --- [main] o.hibernate.jpa.internal.util.LogHelper  : HHH000204: Processing PersistenceUnitInfo [name: default]
2025-09-01T22:10:27.976-05:00  INFO 52840 --- [main] org.hibernate.Version                    : HHH000412: Hibernate ORM core version 6.6.26.Final
2025-09-01T22:10:28.035-05:00  INFO 52840 --- [main] o.h.c.internal.RegionFactoryInitiator    : HHH000026: Second-level cache disabled
2025-09-01T22:10:28.486-05:00  INFO 52840 --- [main] o.s.o.j.p.SpringPersistenceUnitInfo      : No LoadTimeWeaver setup: ignoring JPA class transformer
2025-09-01T22:10:28.532-05:00  INFO 52840 --- [main] com.zaxxer.hikari.HikariDataSource       : HikariPool-1 - Starting...
2025-09-01T22:10:28.879-05:00  INFO 52840 --- [main] com.zaxxer.hikari.pool.HikariPool        : HikariPool-1 - Added connection ConnectionID:1 ClientConnectionId: 8c1405b6-43c9-45f4-953f-c5d6dcf36517
2025-09-01T22:10:28.882-05:00  INFO 52840 --- [main] com.zaxxer.hikari.HikariDataSource       : HikariPool-1 - Start completed.
2025-09-01T22:10:28.950-05:00  WARN 52840 --- [main] org.hibernate.orm.deprecation            : HHH90000025: SQLServerDialect does not need to be specified explicitly using 'hibernate.dialect' (remove the property setting and it will be selected by default)
2025-09-01T22:10:28.973-05:00  INFO 52840 --- [main] org.hibernate.orm.connections.pooling    : HHH10001005: Database info:
	Database JDBC URL [Connecting through datasource 'HikariDataSource (HikariPool-1)']
	Database driver: undefined/unknown
	Database version: 16.0
	Autocommit mode: undefined/unknown
	Isolation level: undefined/unknown
	Minimum pool size: undefined/unknown
	Maximum pool size: undefined/unknown
2025-09-01T22:10:29.366-05:00  INFO 52840 --- [main] o.h.e.t.j.p.i.JtaPlatformInitiator       : HHH000489: No JTA platform available (set 'hibernate.transaction.jta.platform' to enable JTA platform integration)
2025-09-01T22:10:29.373-05:00  INFO 52840 --- [main] j.LocalContainerEntityManagerFactoryBean : Initialized JPA EntityManagerFactory for persistence unit 'default'
2025-09-01T22:10:29.545-05:00  WARN 52840 --- [main] JpaBaseConfiguration$JpaWebConfiguration : spring.jpa.open-in-view is enabled by default. Therefore, database queries may be performed during view rendering. Explicitly configure spring.jpa.open-in-view to disable this warning
2025-09-01T22:10:30.260-05:00  INFO 52840 --- [main] u.c.p.u.UtpSicogestcPeruApplicationTests : Started UtpSicogestcPeruApplicationTests in 4.227 seconds (process running for 5.759)
2025-09-01T22:10:30.887-05:00  INFO 52840 --- [SpringApplicationShutdownHook] j.LocalContainerEntityManagerFactoryBean : Closing JPA EntityManagerFactory for persistence unit 'default'
2025-09-01T22:10:30.890-05:00  INFO 52840 --- [SpringApplicationShutdownHook] com.zaxxer.hikari.HikariDataSource       : HikariPool-1 - Shutdown initiated...
2025-09-01T22:10:30.894-05:00  INFO 52840 --- [SpringApplicationShutdownHook] com.zaxxer.hikari.HikariDataSource       : HikariPool-1 - Shutdown completed.
2025-09-01T22:11:26.902-05:00  INFO 52764 --- [main] u.c.pe.utp.UtpSicogestcPeruApplication   : Starting UtpSicogestcPeruApplication using Java 23.0.1 with PID 52764 (C:\Proyectos\utp-sicogestc-peru\target\classes started by Brian in C:\Proyectos\utp-sicogestc-peru)
2025-09-01T22:11:26.906-05:00  INFO 52764 --- [main] u.c.pe.utp.UtpSicogestcPeruApplication   : No active profile set, falling back to 1 default profile: "default"
2025-09-01T22:11:27.475-05:00  INFO 52764 --- [main] u.c.pe.utp.UtpSicogestcPeruApplication   : Started UtpSicogestcPeruApplication in 1.224 seconds (process running for 1.589)
2025-09-01T22:18:23.330-05:00  INFO 53436 --- [main] u.c.pe.utp.UtpSicogestcPeruApplication   : Starting UtpSicogestcPeruApplication using Java 23.0.1 with PID 53436 (C:\Proyectos\utp-sicogestc-peru\target\classes started by Brian in C:\Proyectos\utp-sicogestc-peru)
2025-09-01T22:18:23.333-05:00  INFO 53436 --- [main] u.c.pe.utp.UtpSicogestcPeruApplication   : No active profile set, falling back to 1 default profile: "default"
2025-09-01T22:18:24.171-05:00  INFO 53436 --- [main] .s.d.r.c.RepositoryConfigurationDelegate : Bootstrapping Spring Data JPA repositories in DEFAULT mode.
2025-09-01T22:18:24.194-05:00  INFO 53436 --- [main] .s.d.r.c.RepositoryConfigurationDelegate : Finished Spring Data repository scanning in 11 ms. Found 0 JPA repository interfaces.
2025-09-01T22:18:24.699-05:00  INFO 53436 --- [main] o.s.b.w.embedded.tomcat.TomcatWebServer  : Tomcat initialized with port 8080 (http)
2025-09-01T22:18:24.716-05:00  INFO 53436 --- [main] o.apache.catalina.core.StandardService   : Starting service [Tomcat]
2025-09-01T22:18:24.716-05:00  INFO 53436 --- [main] o.apache.catalina.core.StandardEngine    : Starting Servlet engine: [Apache Tomcat/10.1.44]
2025-09-01T22:18:24.776-05:00  INFO 53436 --- [main] o.a.c.c.C.[Tomcat].[localhost].[/api]    : Initializing Spring embedded WebApplicationContext
2025-09-01T22:18:24.776-05:00  INFO 53436 --- [main] w.s.c.ServletWebServerApplicationContext : Root WebApplicationContext: initialization completed in 1360 ms
2025-09-01T22:18:25.178-05:00  INFO 53436 --- [main] o.hibernate.jpa.internal.util.LogHelper  : HHH000204: Processing PersistenceUnitInfo [name: default]
2025-09-01T22:18:25.271-05:00  INFO 53436 --- [main] org.hibernate.Version                    : HHH000412: Hibernate ORM core version 6.6.26.Final
2025-09-01T22:18:25.328-05:00  INFO 53436 --- [main] o.h.c.internal.RegionFactoryInitiator    : HHH000026: Second-level cache disabled
2025-09-01T22:18:25.711-05:00  INFO 53436 --- [main] o.s.o.j.p.SpringPersistenceUnitInfo      : No LoadTimeWeaver setup: ignoring JPA class transformer
2025-09-01T22:18:25.749-05:00  INFO 53436 --- [main] com.zaxxer.hikari.HikariDataSource       : HikariPool-1 - Starting...
2025-09-01T22:18:26.165-05:00  INFO 53436 --- [main] com.zaxxer.hikari.pool.HikariPool        : HikariPool-1 - Added connection ConnectionID:1 ClientConnectionId: 990c37a4-9ce4-426f-b119-3504b427eb38
2025-09-01T22:18:26.167-05:00  INFO 53436 --- [main] com.zaxxer.hikari.HikariDataSource       : HikariPool-1 - Start completed.
2025-09-01T22:18:26.239-05:00  WARN 53436 --- [main] org.hibernate.orm.deprecation            : HHH90000025: SQLServerDialect does not need to be specified explicitly using 'hibernate.dialect' (remove the property setting and it will be selected by default)
2025-09-01T22:18:26.262-05:00  INFO 53436 --- [main] org.hibernate.orm.connections.pooling    : HHH10001005: Database info:
	Database JDBC URL [Connecting through datasource 'HikariDataSource (HikariPool-1)']
	Database driver: undefined/unknown
	Database version: 16.0
	Autocommit mode: undefined/unknown
	Isolation level: undefined/unknown
	Minimum pool size: undefined/unknown
	Maximum pool size: undefined/unknown
2025-09-01T22:18:26.926-05:00  INFO 53436 --- [main] o.h.m.i.EntityInstantiatorPojoStandard   : HHH000182: No default (no-argument) constructor for class: utp.com.pe.utp.model.TipoReporte (class must be instantiated by Interceptor)
2025-09-01T22:18:27.047-05:00  INFO 53436 --- [main] o.h.e.t.j.p.i.JtaPlatformInitiator       : HHH000489: No JTA platform available (set 'hibernate.transaction.jta.platform' to enable JTA platform integration)
2025-09-01T22:18:27.411-05:00 DEBUG 53436 --- [main] org.hibernate.SQL                        : 
    create table tipo_reporte (
        id_tipo_reporte bigint identity not null,
        descripcion varchar(250) not null,
        nombre varchar(50) not null,
        primary key (id_tipo_reporte)
    )
2025-09-01T22:18:27.420-05:00  INFO 53436 --- [main] j.LocalContainerEntityManagerFactoryBean : Initialized JPA EntityManagerFactory for persistence unit 'default'
2025-09-01T22:18:27.472-05:00  WARN 53436 --- [main] JpaBaseConfiguration$JpaWebConfiguration : spring.jpa.open-in-view is enabled by default. Therefore, database queries may be performed during view rendering. Explicitly configure spring.jpa.open-in-view to disable this warning
2025-09-01T22:18:28.335-05:00  INFO 53436 --- [main] o.s.b.w.embedded.tomcat.TomcatWebServer  : Tomcat started on port 8080 (http) with context path '/api'
2025-09-01T22:18:28.349-05:00  INFO 53436 --- [main] u.c.pe.utp.UtpSicogestcPeruApplication   : Started UtpSicogestcPeruApplication in 5.651 seconds (process running for 6.092)
2025-09-01T22:19:17.206-05:00  INFO 53436 --- [SpringApplicationShutdownHook] o.s.b.w.e.tomcat.GracefulShutdown        : Commencing graceful shutdown. Waiting for active requests to complete
2025-09-01T22:19:17.214-05:00  INFO 53436 --- [tomcat-shutdown] o.s.b.w.e.tomcat.GracefulShutdown        : Graceful shutdown complete
2025-09-01T22:19:17.217-05:00  INFO 53436 --- [SpringApplicationShutdownHook] j.LocalContainerEntityManagerFactoryBean : Closing JPA EntityManagerFactory for persistence unit 'default'
2025-09-01T22:19:17.221-05:00  INFO 53436 --- [SpringApplicationShutdownHook] com.zaxxer.hikari.HikariDataSource       : HikariPool-1 - Shutdown initiated...
2025-09-01T22:19:17.223-05:00  INFO 53436 --- [SpringApplicationShutdownHook] com.zaxxer.hikari.HikariDataSource       : HikariPool-1 - Shutdown completed.
2025-09-01T22:21:08.763-05:00  INFO 52816 --- [main] u.c.pe.utp.UtpSicogestcPeruApplication   : Starting UtpSicogestcPeruApplication using Java 23.0.1 with PID 52816 (C:\Proyectos\utp-sicogestc-peru\target\classes started by Brian in C:\Proyectos\utp-sicogestc-peru)
2025-09-01T22:21:08.767-05:00  INFO 52816 --- [main] u.c.pe.utp.UtpSicogestcPeruApplication   : No active profile set, falling back to 1 default profile: "default"
2025-09-01T22:21:09.617-05:00  INFO 52816 --- [main] .s.d.r.c.RepositoryConfigurationDelegate : Bootstrapping Spring Data JPA repositories in DEFAULT mode.
2025-09-01T22:21:09.644-05:00  INFO 52816 --- [main] .s.d.r.c.RepositoryConfigurationDelegate : Finished Spring Data repository scanning in 12 ms. Found 0 JPA repository interfaces.
2025-09-01T22:21:10.233-05:00  INFO 52816 --- [main] o.s.b.w.embedded.tomcat.TomcatWebServer  : Tomcat initialized with port 8080 (http)
2025-09-01T22:21:10.254-05:00  INFO 52816 --- [main] o.apache.catalina.core.StandardService   : Starting service [Tomcat]
2025-09-01T22:21:10.254-05:00  INFO 52816 --- [main] o.apache.catalina.core.StandardEngine    : Starting Servlet engine: [Apache Tomcat/10.1.44]
2025-09-01T22:21:10.330-05:00  INFO 52816 --- [main] o.a.c.c.C.[Tomcat].[localhost].[/api]    : Initializing Spring embedded WebApplicationContext
2025-09-01T22:21:10.331-05:00  INFO 52816 --- [main] w.s.c.ServletWebServerApplicationContext : Root WebApplicationContext: initialization completed in 1471 ms
2025-09-01T22:21:10.696-05:00  INFO 52816 --- [main] o.hibernate.jpa.internal.util.LogHelper  : HHH000204: Processing PersistenceUnitInfo [name: default]
2025-09-01T22:21:10.756-05:00  INFO 52816 --- [main] org.hibernate.Version                    : HHH000412: Hibernate ORM core version 6.6.26.Final
2025-09-01T22:21:10.793-05:00  INFO 52816 --- [main] o.h.c.internal.RegionFactoryInitiator    : HHH000026: Second-level cache disabled
2025-09-01T22:21:11.108-05:00  INFO 52816 --- [main] o.s.o.j.p.SpringPersistenceUnitInfo      : No LoadTimeWeaver setup: ignoring JPA class transformer
2025-09-01T22:21:11.145-05:00  INFO 52816 --- [main] com.zaxxer.hikari.HikariDataSource       : HikariPool-1 - Starting...
2025-09-01T22:21:11.522-05:00  INFO 52816 --- [main] com.zaxxer.hikari.pool.HikariPool        : HikariPool-1 - Added connection ConnectionID:1 ClientConnectionId: 87e6c178-af6f-490c-8c07-31835b804a98
2025-09-01T22:21:11.524-05:00  INFO 52816 --- [main] com.zaxxer.hikari.HikariDataSource       : HikariPool-1 - Start completed.
2025-09-01T22:21:11.587-05:00  WARN 52816 --- [main] org.hibernate.orm.deprecation            : HHH90000025: SQLServerDialect does not need to be specified explicitly using 'hibernate.dialect' (remove the property setting and it will be selected by default)
2025-09-01T22:21:11.612-05:00  INFO 52816 --- [main] org.hibernate.orm.connections.pooling    : HHH10001005: Database info:
	Database JDBC URL [Connecting through datasource 'HikariDataSource (HikariPool-1)']
	Database driver: undefined/unknown
	Database version: 16.0
	Autocommit mode: undefined/unknown
	Isolation level: undefined/unknown
	Minimum pool size: undefined/unknown
	Maximum pool size: undefined/unknown
2025-09-01T22:21:12.238-05:00  INFO 52816 --- [main] o.h.m.i.EntityInstantiatorPojoStandard   : HHH000182: No default (no-argument) constructor for class: utp.com.pe.utp.model.TipoReporte (class must be instantiated by Interceptor)
2025-09-01T22:21:12.350-05:00  INFO 52816 --- [main] o.h.e.t.j.p.i.JtaPlatformInitiator       : HHH000489: No JTA platform available (set 'hibernate.transaction.jta.platform' to enable JTA platform integration)
2025-09-01T22:21:12.672-05:00 DEBUG 52816 --- [main] org.hibernate.SQL                        : 
    alter table tipo_reporte 
       alter column nombre varchar(100)
2025-09-01T22:21:12.680-05:00  INFO 52816 --- [main] j.LocalContainerEntityManagerFactoryBean : Initialized JPA EntityManagerFactory for persistence unit 'default'
2025-09-01T22:21:12.725-05:00  WARN 52816 --- [main] JpaBaseConfiguration$JpaWebConfiguration : spring.jpa.open-in-view is enabled by default. Therefore, database queries may be performed during view rendering. Explicitly configure spring.jpa.open-in-view to disable this warning
2025-09-01T22:21:13.485-05:00  INFO 52816 --- [main] o.s.b.w.embedded.tomcat.TomcatWebServer  : Tomcat started on port 8080 (http) with context path '/api'
2025-09-01T22:21:13.496-05:00  INFO 52816 --- [main] u.c.pe.utp.UtpSicogestcPeruApplication   : Started UtpSicogestcPeruApplication in 5.362 seconds (process running for 5.77)
2025-09-01T22:23:00.975-05:00  INFO 52816 --- [SpringApplicationShutdownHook] o.s.b.w.e.tomcat.GracefulShutdown        : Commencing graceful shutdown. Waiting for active requests to complete
2025-09-01T22:23:00.981-05:00  INFO 52816 --- [tomcat-shutdown] o.s.b.w.e.tomcat.GracefulShutdown        : Graceful shutdown complete
2025-09-01T22:23:00.984-05:00  INFO 52816 --- [SpringApplicationShutdownHook] j.LocalContainerEntityManagerFactoryBean : Closing JPA EntityManagerFactory for persistence unit 'default'
2025-09-01T22:23:00.987-05:00  INFO 52816 --- [SpringApplicationShutdownHook] com.zaxxer.hikari.HikariDataSource       : HikariPool-1 - Shutdown initiated...
2025-09-01T22:23:00.990-05:00  INFO 52816 --- [SpringApplicationShutdownHook] com.zaxxer.hikari.HikariDataSource       : HikariPool-1 - Shutdown completed.
2025-09-01T22:23:03.899-05:00  INFO 54508 --- [main] u.c.pe.utp.UtpSicogestcPeruApplication   : Starting UtpSicogestcPeruApplication using Java 23.0.1 with PID 54508 (C:\Proyectos\utp-sicogestc-peru\target\classes started by Brian in C:\Proyectos\utp-sicogestc-peru)
2025-09-01T22:23:03.903-05:00  INFO 54508 --- [main] u.c.pe.utp.UtpSicogestcPeruApplication   : No active profile set, falling back to 1 default profile: "default"
2025-09-01T22:23:04.667-05:00  INFO 54508 --- [main] .s.d.r.c.RepositoryConfigurationDelegate : Bootstrapping Spring Data JPA repositories in DEFAULT mode.
2025-09-01T22:23:04.689-05:00  INFO 54508 --- [main] .s.d.r.c.RepositoryConfigurationDelegate : Finished Spring Data repository scanning in 11 ms. Found 0 JPA repository interfaces.
2025-09-01T22:23:05.277-05:00  INFO 54508 --- [main] o.s.b.w.embedded.tomcat.TomcatWebServer  : Tomcat initialized with port 8080 (http)
2025-09-01T22:23:05.300-05:00  INFO 54508 --- [main] o.apache.catalina.core.StandardService   : Starting service [Tomcat]
2025-09-01T22:23:05.301-05:00  INFO 54508 --- [main] o.apache.catalina.core.StandardEngine    : Starting Servlet engine: [Apache Tomcat/10.1.44]
2025-09-01T22:23:05.371-05:00  INFO 54508 --- [main] o.a.c.c.C.[Tomcat].[localhost].[/api]    : Initializing Spring embedded WebApplicationContext
2025-09-01T22:23:05.371-05:00  INFO 54508 --- [main] w.s.c.ServletWebServerApplicationContext : Root WebApplicationContext: initialization completed in 1389 ms
2025-09-01T22:23:05.737-05:00  INFO 54508 --- [main] com.zaxxer.hikari.HikariDataSource       : HikariPool-1 - Starting...
2025-09-01T22:23:06.258-05:00  INFO 54508 --- [main] com.zaxxer.hikari.pool.HikariPool        : HikariPool-1 - Added connection ConnectionID:1 ClientConnectionId: a086e628-ced7-46fc-8b67-c5714bcaf79e
2025-09-01T22:23:06.260-05:00  INFO 54508 --- [main] com.zaxxer.hikari.HikariDataSource       : HikariPool-1 - Start completed.
2025-09-01T22:23:06.308-05:00  INFO 54508 --- [main] o.hibernate.jpa.internal.util.LogHelper  : HHH000204: Processing PersistenceUnitInfo [name: default]
2025-09-01T22:23:06.387-05:00  INFO 54508 --- [main] org.hibernate.Version                    : HHH000412: Hibernate ORM core version 6.6.26.Final
2025-09-01T22:23:06.427-05:00  INFO 54508 --- [main] o.h.c.internal.RegionFactoryInitiator    : HHH000026: Second-level cache disabled
2025-09-01T22:23:06.810-05:00  INFO 54508 --- [main] o.s.o.j.p.SpringPersistenceUnitInfo      : No LoadTimeWeaver setup: ignoring JPA class transformer
2025-09-01T22:23:06.941-05:00  WARN 54508 --- [main] org.hibernate.orm.deprecation            : HHH90000025: SQLServerDialect does not need to be specified explicitly using 'hibernate.dialect' (remove the property setting and it will be selected by default)
2025-09-01T22:23:06.963-05:00  INFO 54508 --- [main] org.hibernate.orm.connections.pooling    : HHH10001005: Database info:
	Database JDBC URL [Connecting through datasource 'HikariDataSource (HikariPool-1)']
	Database driver: undefined/unknown
	Database version: 16.0
	Autocommit mode: undefined/unknown
	Isolation level: undefined/unknown
	Minimum pool size: undefined/unknown
	Maximum pool size: undefined/unknown
2025-09-01T22:23:07.557-05:00  INFO 54508 --- [main] o.h.m.i.EntityInstantiatorPojoStandard   : HHH000182: No default (no-argument) constructor for class: utp.com.pe.utp.model.TipoReporte (class must be instantiated by Interceptor)
2025-09-01T22:23:07.682-05:00  INFO 54508 --- [main] o.h.e.t.j.p.i.JtaPlatformInitiator       : HHH000489: No JTA platform available (set 'hibernate.transaction.jta.platform' to enable JTA platform integration)
2025-09-01T22:23:07.684-05:00  INFO 54508 --- [main] j.LocalContainerEntityManagerFactoryBean : Initialized JPA EntityManagerFactory for persistence unit 'default'
2025-09-01T22:23:07.725-05:00  WARN 54508 --- [main] JpaBaseConfiguration$JpaWebConfiguration : spring.jpa.open-in-view is enabled by default. Therefore, database queries may be performed during view rendering. Explicitly configure spring.jpa.open-in-view to disable this warning
2025-09-01T22:23:08.295-05:00  INFO 54508 --- [main] o.s.b.w.embedded.tomcat.TomcatWebServer  : Tomcat started on port 8080 (http) with context path '/api'
2025-09-01T22:23:08.305-05:00  INFO 54508 --- [main] u.c.pe.utp.UtpSicogestcPeruApplication   : Started UtpSicogestcPeruApplication in 5.0 seconds (process running for 5.414)
2025-09-01T22:24:15.352-05:00  INFO 54508 --- [SpringApplicationShutdownHook] o.s.b.w.e.tomcat.GracefulShutdown        : Commencing graceful shutdown. Waiting for active requests to complete
2025-09-01T22:24:15.357-05:00  INFO 54508 --- [tomcat-shutdown] o.s.b.w.e.tomcat.GracefulShutdown        : Graceful shutdown complete
2025-09-01T22:24:15.361-05:00  INFO 54508 --- [SpringApplicationShutdownHook] j.LocalContainerEntityManagerFactoryBean : Closing JPA EntityManagerFactory for persistence unit 'default'
2025-09-01T22:24:15.363-05:00  INFO 54508 --- [SpringApplicationShutdownHook] com.zaxxer.hikari.HikariDataSource       : HikariPool-1 - Shutdown initiated...
2025-09-01T22:24:15.366-05:00  INFO 54508 --- [SpringApplicationShutdownHook] com.zaxxer.hikari.HikariDataSource       : HikariPool-1 - Shutdown completed.
